
> african-girl-rise@0.1.0 build
> tsc --noEmit && vite build

[36mvite v6.4.2 [32mbuilding for production...[36m[39m
transforming...
[32mΓ£ô[39m 2543 modules transformed.
rendering chunks...
node.exe : [33m[plugin vite:reporter] 
At line:1 char:1
+ & "C:\Program Files\nodejs/node.exe" "C:\Program Files\nodejs/node_mo ...
+ ~~~~~~~~~~~~~~~~~~~~~~~~~~~~~~~~~~~~~~~~~~~~~~~~~~~~~~~~~~~~~~~~~~~~~
    + CategoryInfo          : NotSpecified: ([33m[plugin vite:reporter] :Stri 
   ng) [], RemoteException
    + FullyQualifiedErrorId : NativeCommandError
 
(!) C:/Users/ebrin/AGR/src/components/DonationModal.tsx is dynamically 
imported by C:/Users/ebrin/AGR/src/pages/DonatePage.tsx, 
C:/Users/ebrin/AGR/src/pages/EventsPage.tsx but also statically imported by 
C:/Users/ebrin/AGR/src/components/CTADonateButton.tsx, 
C:/Users/ebrin/AGR/src/components/HeroCTAButtons.tsx, 
C:/Users/ebrin/AGR/src/components/layout/Navbar.tsx, 
C:/Users/ebrin/AGR/src/pages/PayPage.tsx, dynamic import will not move module 
into another chunk.
[39m
computing gzip size...
[2mdist/[22m[32mindex.html                 [39m[1m[2m  1.72 kB[22m[1m[22m[2m Γöé gzip:   0.78 kB[22m
[2mdist/[22m[35massets/index-CjJ3XgLe.css  [39m[1m[2m185.56 kB[22m[1m[22m[2m Γöé gzip:  33.13 kB[22m
[2mdist/[22m[36massets/react-BtStT6aj.js   [39m[1m[2m  0.03 kB[22m[1m[22m[2m Γöé gzip:   0.05 kB[22m
[2mdist/[22m[36massets/router-DC86x00f.js  [39m[1m[2m 67.84 kB[22m[1m[22m[2m Γöé gzip:  22.81 kB[22m
[2mdist/[22m[36massets/index-BvEyMA_Z.js   [39m[1m[2m215.66 kB[22m[1m[22m[2m Γöé gzip:  65.42 kB[22m
[2mdist/[22m[36massets/index-jMvWU-hj.js   [39m[1m[33m814.16 kB[39m[22m[2m Γöé gzip: 189.55 kB[22m
[33m
(!) Some chunks are larger than 500 kB after minification. Consider:
- Using dynamic import() to code-split the application
- Use build.rollupOptions.output.manualChunks to improve chunking: 
https://rollupjs.org/configuration-options/#output-manualchunks
- Adjust chunk size limit for this warning via 
build.chunkSizeWarningLimit.[39m
[32mΓ£ô built in 24.35s[39m
